// Jest Snapshot v1, https://goo.gl/fbAQLP

exports[`TodoApp render should render match with snapshot 1`] = `
<div>
  <div>
    <input />
    <button
      onClick={[Function]}
    >
      Add Todo
    </button>
  </div>
  <p>
    Loading...
  </p>
  <p>
    Show:
     
    <a
      aria-current="page"
      className="active"
      href="/"
      onClick={[Function]}
      style={
        Object {
          "color": "black",
          "textDecoration": "none",
        }
      }
    >
      All
    </a>
     
    <a
      aria-current={null}
      href="/active"
      onClick={[Function]}
    >
      Active
    </a>
     
    <a
      aria-current={null}
      href="/completed"
      onClick={[Function]}
    >
      Completed
    </a>
  </p>
</div>
`;
